###############################################################################
#
# IAR ELF Linker V8.20.2.14835/W32 for ARM                23/May/2019  13:14:44
# Copyright 2007-2017 IAR Systems AB.
#
#    Output file  =  C:\CalleP\Exjobb\ADC_Try2\EWARM\ADC_Try2\Exe\ADC_Try2.out
#    Map file     =  C:\CalleP\Exjobb\ADC_Try2\EWARM\ADC_Try2\List\ADC_Try2.map
#    Command line =  
#        -f C:\Users\carlm\AppData\Local\Temp\EWE2D8.tmp
#        (C:\CalleP\Exjobb\ADC_Try2\EWARM\ADC_Try2\Obj\main.o
#        C:\CalleP\Exjobb\ADC_Try2\EWARM\ADC_Try2\Obj\startup_stm32f303xc.o
#        C:\CalleP\Exjobb\ADC_Try2\EWARM\ADC_Try2\Obj\stm32f3xx_hal.o
#        C:\CalleP\Exjobb\ADC_Try2\EWARM\ADC_Try2\Obj\stm32f3xx_hal_adc.o
#        C:\CalleP\Exjobb\ADC_Try2\EWARM\ADC_Try2\Obj\stm32f3xx_hal_adc_ex.o
#        C:\CalleP\Exjobb\ADC_Try2\EWARM\ADC_Try2\Obj\stm32f3xx_hal_cortex.o
#        C:\CalleP\Exjobb\ADC_Try2\EWARM\ADC_Try2\Obj\stm32f3xx_hal_dma.o
#        C:\CalleP\Exjobb\ADC_Try2\EWARM\ADC_Try2\Obj\stm32f3xx_hal_flash.o
#        C:\CalleP\Exjobb\ADC_Try2\EWARM\ADC_Try2\Obj\stm32f3xx_hal_flash_ex.o
#        C:\CalleP\Exjobb\ADC_Try2\EWARM\ADC_Try2\Obj\stm32f3xx_hal_gpio.o
#        C:\CalleP\Exjobb\ADC_Try2\EWARM\ADC_Try2\Obj\stm32f3xx_hal_i2c.o
#        C:\CalleP\Exjobb\ADC_Try2\EWARM\ADC_Try2\Obj\stm32f3xx_hal_i2c_ex.o
#        C:\CalleP\Exjobb\ADC_Try2\EWARM\ADC_Try2\Obj\stm32f3xx_hal_msp.o
#        C:\CalleP\Exjobb\ADC_Try2\EWARM\ADC_Try2\Obj\stm32f3xx_hal_pwr.o
#        C:\CalleP\Exjobb\ADC_Try2\EWARM\ADC_Try2\Obj\stm32f3xx_hal_pwr_ex.o
#        C:\CalleP\Exjobb\ADC_Try2\EWARM\ADC_Try2\Obj\stm32f3xx_hal_rcc.o
#        C:\CalleP\Exjobb\ADC_Try2\EWARM\ADC_Try2\Obj\stm32f3xx_hal_rcc_ex.o
#        C:\CalleP\Exjobb\ADC_Try2\EWARM\ADC_Try2\Obj\stm32f3xx_hal_tim.o
#        C:\CalleP\Exjobb\ADC_Try2\EWARM\ADC_Try2\Obj\stm32f3xx_hal_tim_ex.o
#        C:\CalleP\Exjobb\ADC_Try2\EWARM\ADC_Try2\Obj\stm32f3xx_it.o
#        C:\CalleP\Exjobb\ADC_Try2\EWARM\ADC_Try2\Obj\system_stm32f3xx.o
#        --redirect _Printf=_PrintfFull --redirect _Scanf=_ScanfFull -o
#        C:\CalleP\Exjobb\ADC_Try2\EWARM\ADC_Try2\Exe\ADC_Try2.out --map
#        C:\CalleP\Exjobb\ADC_Try2\EWARM\ADC_Try2\List\ADC_Try2.map --config
#        C:\CalleP\Exjobb\ADC_Try2\EWARM/stm32f303xc_flash.icf --semihosting
#        --entry __iar_program_start --vfe --text_out locale)
#
###############################################################################

*******************************************************************************
*** RUNTIME MODEL ATTRIBUTES
***

CppFlavor       = *
__SystemLibrary = DLib
__dlib_version  = 6


*******************************************************************************
*** HEAP SELECTION
***

The basic heap was selected because some modules are built with
size limitations (and not runtime checking), and --advanced_heap
was not specified.


*******************************************************************************
*** PLACEMENT SUMMARY
***

"A0":  place at 0x08000000 { ro section .intvec };
"P1":  place in [from 0x08000000 to 0x0803ffff] { ro };
define block CSTACK with size = 1K, alignment = 8 { };
define block HEAP with size = 512, alignment = 8 { };
"P2":  place in [from 0x20000000 to 0x20009fff] {
          rw, block CSTACK, block HEAP };
initialize by copy { rw };

  Section            Kind        Address    Size  Object
  -------            ----        -------    ----  ------
"A0":                                      0x188
  .intvec            ro code  0x08000000   0x188  startup_stm32f303xc.o [1]
                            - 0x08000188   0x188

"P1":                                     0x17e4
  .text              ro code  0x08000188   0x9d2  stm32f3xx_hal_adc_ex.o [1]
  .text              ro code  0x08000b5c    0x9c  stm32f3xx_hal_msp.o [1]
  .text              ro code  0x08000bf8     0x2  stm32f3xx_hal_adc.o [1]
  .text              ro code  0x08000bfa     0x2  stm32f3xx_hal_adc.o [1]
  .text              ro code  0x08000bfc     0x2  stm32f3xx_hal_adc_ex.o [1]
  .text              ro code  0x08000bfe     0x2  stm32f3xx_hal_adc_ex.o [1]
  .text              ro code  0x08000c00     0x2  stm32f3xx_hal_adc.o [1]
  .text              ro code  0x08000c02     0x2  stm32f3xx_hal_adc_ex.o [1]
  .text              ro code  0x08000c04     0xc  stm32f3xx_hal.o [1]
  .text              ro code  0x08000c10     0x6  ABImemclr4.o [5]
  .text              ro code  0x08000c18   0x1bc  stm32f3xx_hal_gpio.o [1]
  .text              ro code  0x08000dd4    0xc8  stm32f3xx_hal_cortex.o [1]
  .text              ro code  0x08000e9c    0x32  ABImemset48.o [5]
  .text              ro code  0x08000ed0   0x480  stm32f3xx_hal_rcc.o [1]
  .text              ro code  0x08001350    0x40  stm32f3xx_hal.o [1]
  .text              ro code  0x08001390   0x1b8  stm32f3xx_hal_rcc_ex.o [1]
  .text              ro code  0x08001548   0x100  main.o [1]
  .text              ro code  0x08001648    0x24  stm32f3xx_hal.o [1]
  .text              ro code  0x0800166c    0x7c  system_stm32f3xx.o [1]
  .text              ro code  0x080016e8    0x40  zero_init3.o [5]
  .text              ro code  0x08001728    0x2c  copy_init3.o [5]
  .text              ro code  0x08001754    0x28  data_init.o [5]
  .text              ro code  0x0800177c    0x22  fpinit_M.o [4]
  .iar.init_table    const    0x080017a0    0x24  - Linker created -
  .text              ro code  0x080017c4    0x20  stm32f3xx_it.o [1]
  .text              ro code  0x080017e4    0x10  stm32f3xx_hal.o [1]
  .text              ro code  0x080017f4    0x1e  cmain.o [5]
  .text              ro code  0x08001812     0x4  low_level_init.o [3]
  .text              ro code  0x08001816     0x4  exit.o [3]
  .text              ro code  0x0800181c     0xa  cexit.o [5]
  .text              ro code  0x08001828    0x14  exit.o [6]
  .text              ro code  0x0800183c    0x10  startup_stm32f303xc.o [1]
  Initializer bytes  const    0x0800184c    0x10  <for P2-1>
  .text              ro code  0x0800185c     0xc  cstartup_M.o [5]
  .text              ro code  0x08001868     0x4  startup_stm32f303xc.o [1]
  .text              ro code  0x0800186c     0x4  startup_stm32f303xc.o [1]
  .text              ro code  0x08001870     0x4  startup_stm32f303xc.o [1]
  .text              ro code  0x08001874     0x4  startup_stm32f303xc.o [1]
  .text              ro code  0x08001878     0x4  startup_stm32f303xc.o [1]
  .text              ro code  0x0800187c     0x4  startup_stm32f303xc.o [1]
  .text              ro code  0x08001880     0x4  startup_stm32f303xc.o [1]
  .text              ro code  0x08001884     0x4  startup_stm32f303xc.o [1]
  .text              ro code  0x08001888     0x4  startup_stm32f303xc.o [1]
  .text              ro code  0x0800188c     0x4  startup_stm32f303xc.o [1]
  .text              ro code  0x08001890     0x4  startup_stm32f303xc.o [1]
  .text              ro code  0x08001894     0x4  startup_stm32f303xc.o [1]
  .text              ro code  0x08001898     0x4  startup_stm32f303xc.o [1]
  .text              ro code  0x0800189c     0x4  startup_stm32f303xc.o [1]
  .text              ro code  0x080018a0     0x4  startup_stm32f303xc.o [1]
  .text              ro code  0x080018a4     0x4  startup_stm32f303xc.o [1]
  .text              ro code  0x080018a8     0x4  startup_stm32f303xc.o [1]
  .text              ro code  0x080018ac     0x4  startup_stm32f303xc.o [1]
  .text              ro code  0x080018b0     0x4  startup_stm32f303xc.o [1]
  .text              ro code  0x080018b4     0x4  startup_stm32f303xc.o [1]
  .text              ro code  0x080018b8     0x4  startup_stm32f303xc.o [1]
  .text              ro code  0x080018bc     0x4  startup_stm32f303xc.o [1]
  .text              ro code  0x080018c0     0x4  startup_stm32f303xc.o [1]
  .text              ro code  0x080018c4     0x4  startup_stm32f303xc.o [1]
  .text              ro code  0x080018c8     0x4  startup_stm32f303xc.o [1]
  .text              ro code  0x080018cc     0x4  startup_stm32f303xc.o [1]
  .text              ro code  0x080018d0     0x4  startup_stm32f303xc.o [1]
  .text              ro code  0x080018d4     0x4  startup_stm32f303xc.o [1]
  .text              ro code  0x080018d8     0x4  startup_stm32f303xc.o [1]
  .text              ro code  0x080018dc     0x4  startup_stm32f303xc.o [1]
  .text              ro code  0x080018e0     0x4  startup_stm32f303xc.o [1]
  .text              ro code  0x080018e4     0x4  startup_stm32f303xc.o [1]
  .text              ro code  0x080018e8     0x4  startup_stm32f303xc.o [1]
  .text              ro code  0x080018ec     0x4  startup_stm32f303xc.o [1]
  .text              ro code  0x080018f0     0x4  startup_stm32f303xc.o [1]
  .text              ro code  0x080018f4     0x4  startup_stm32f303xc.o [1]
  .text              ro code  0x080018f8     0x4  startup_stm32f303xc.o [1]
  .text              ro code  0x080018fc     0x4  startup_stm32f303xc.o [1]
  .text              ro code  0x08001900     0x4  startup_stm32f303xc.o [1]
  .text              ro code  0x08001904     0x4  startup_stm32f303xc.o [1]
  .text              ro code  0x08001908     0x4  startup_stm32f303xc.o [1]
  .text              ro code  0x0800190c     0x4  startup_stm32f303xc.o [1]
  .text              ro code  0x08001910     0x4  startup_stm32f303xc.o [1]
  .text              ro code  0x08001914     0x4  startup_stm32f303xc.o [1]
  .text              ro code  0x08001918     0x4  startup_stm32f303xc.o [1]
  .text              ro code  0x0800191c     0x4  startup_stm32f303xc.o [1]
  .text              ro code  0x08001920     0x4  startup_stm32f303xc.o [1]
  .text              ro code  0x08001924     0x4  startup_stm32f303xc.o [1]
  .text              ro code  0x08001928     0x4  startup_stm32f303xc.o [1]
  .text              ro code  0x0800192c     0x4  startup_stm32f303xc.o [1]
  .text              ro code  0x08001930     0x4  startup_stm32f303xc.o [1]
  .text              ro code  0x08001934     0x4  startup_stm32f303xc.o [1]
  .text              ro code  0x08001938     0x4  startup_stm32f303xc.o [1]
  .text              ro code  0x0800193c     0x4  startup_stm32f303xc.o [1]
  .text              ro code  0x08001940     0x4  startup_stm32f303xc.o [1]
  .text              ro code  0x08001944     0x4  startup_stm32f303xc.o [1]
  .text              ro code  0x08001948     0x4  startup_stm32f303xc.o [1]
  .text              ro code  0x0800194c     0x4  startup_stm32f303xc.o [1]
  .text              ro code  0x08001950     0x4  startup_stm32f303xc.o [1]
  .text              ro code  0x08001954     0x4  startup_stm32f303xc.o [1]
  .text              ro code  0x08001958     0x4  startup_stm32f303xc.o [1]
  .text              ro code  0x0800195c     0x4  startup_stm32f303xc.o [1]
  .text              ro code  0x08001960     0x4  startup_stm32f303xc.o [1]
  .text              ro code  0x08001964     0x4  startup_stm32f303xc.o [1]
  .text              ro code  0x08001968     0x4  startup_stm32f303xc.o [1]
  .rodata            const    0x0800196c     0x0  zero_init3.o [5]
  .rodata            const    0x0800196c     0x0  copy_init3.o [5]
                            - 0x0800196c  0x17e4

"P2", part 1 of 3:                          0x10
  P2-1                        0x20000000    0x10  <Init block>
    .data            inited   0x20000000     0xc  stm32f3xx_hal.o [1]
    .data            inited   0x2000000c     0x4  system_stm32f3xx.o [1]
                            - 0x20000010    0x10

"P2", part 2 of 3:                          0x54
  .bss               zero     0x20000010    0x54  main.o [1]
                            - 0x20000064    0x54

"P2", part 3 of 3:                         0x400
  CSTACK                      0x20000068   0x400  <Block>
    CSTACK           uninit   0x20000068   0x400  <Block tail>
                            - 0x20000468   0x400


*******************************************************************************
*** INIT TABLE
***

          Address     Size
          -------     ----
Zero (__iar_zero_init3)
    1 destination range, total size 0x54:
          0x20000010  0x54

Copy (__iar_copy_init3)
    1 source range, total size 0x10:
          0x0800184c  0x10
    1 destination range, total size 0x10:
          0x20000000  0x10



*******************************************************************************
*** MODULE SUMMARY
***

    Module                  ro code  ro data  rw data
    ------                  -------  -------  -------
C:\CalleP\Exjobb\ADC_Try2\EWARM\ADC_Try2\Obj: [1]
    main.o                      256                84
    startup_stm32f303xc.o       668
    stm32f3xx_hal.o             128       12       12
    stm32f3xx_hal_adc.o           6
    stm32f3xx_hal_adc_ex.o    2 520
    stm32f3xx_hal_cortex.o      200
    stm32f3xx_hal_gpio.o        444
    stm32f3xx_hal_msp.o         156
    stm32f3xx_hal_rcc.o       1 152
    stm32f3xx_hal_rcc_ex.o      440
    stm32f3xx_it.o               32
    system_stm32f3xx.o          124        4        4
    -------------------------------------------------
    Total:                    6 126       16      100

command line: [2]
    -------------------------------------------------
    Total:

dl7M_tlf.a: [3]
    exit.o                        4
    low_level_init.o              4
    -------------------------------------------------
    Total:                        8

m7M_tls.a: [4]
    fpinit_M.o                   34
    -------------------------------------------------
    Total:                       34

rt7M_tl.a: [5]
    ABImemclr4.o                  6
    ABImemset48.o                50
    cexit.o                      10
    cmain.o                      30
    copy_init3.o                 44
    cstartup_M.o                 12
    data_init.o                  40
    zero_init3.o                 64
    -------------------------------------------------
    Total:                      256

shb_l.a: [6]
    exit.o                       20
    -------------------------------------------------
    Total:                       20

    Gaps                         10        2
    Linker created                        36    1 024
-----------------------------------------------------
    Grand Total:              6 454       54    1 124


*******************************************************************************
*** ENTRY LIST
***

Entry                      Address   Size  Type      Object
-----                      -------   ----  ----      ------
.iar.init_table$$Base   0x080017a0          --   Gb  - Linker created -
.iar.init_table$$Limit  0x080017c4          --   Gb  - Linker created -
?main                   0x080017f5         Code  Gb  cmain.o [5]
ADC1_2_IRQHandler       0x080017d9    0x6  Code  Gb  stm32f3xx_it.o [1]
ADC_Disable             0x08000acf   0x4a  Code  Lc  stm32f3xx_hal_adc_ex.o [1]
AHBPrescTable           0x080016d8   0x10  Data  Gb  system_stm32f3xx.o [1]
BusFault_Handler        0x080017cb    0x2  Code  Gb  stm32f3xx_it.o [1]
CSTACK$$Base            0x20000068          --   Gb  - Linker created -
CSTACK$$Limit           0x20000468          --   Gb  - Linker created -
DebugMon_Handler        0x080017d1    0x2  Code  Gb  stm32f3xx_it.o [1]
HAL_ADCEx_MultiModeConfigChannel
                        0x080009ef   0xe0  Code  Gb  stm32f3xx_hal_adc_ex.o [1]
HAL_ADC_ConfigChannel   0x080006ed  0x2b6  Code  Gb  stm32f3xx_hal_adc_ex.o [1]
HAL_ADC_ConvCpltCallback
                        0x08000bf9    0x2  Code  Wk  stm32f3xx_hal_adc.o [1]
HAL_ADC_ErrorCallback   0x08000c01    0x2  Code  Wk  stm32f3xx_hal_adc.o [1]
HAL_ADC_IRQHandler      0x080003a9  0x2e6  Code  Gb  stm32f3xx_hal_adc_ex.o [1]
HAL_ADC_Init            0x08000189  0x204  Code  Gb  stm32f3xx_hal_adc_ex.o [1]
HAL_ADC_LevelOutOfWindowCallback
                        0x08000bfb    0x2  Code  Wk  stm32f3xx_hal_adc.o [1]
HAL_ADC_MspInit         0x08000b89   0x66  Code  Gb  stm32f3xx_hal_msp.o [1]
HAL_GPIO_Init           0x08000c19  0x1a0  Code  Gb  stm32f3xx_hal_gpio.o [1]
HAL_GetTick             0x08000c05    0xc  Code  Wk  stm32f3xx_hal.o [1]
HAL_IncTick             0x080017e5   0x10  Code  Wk  stm32f3xx_hal.o [1]
HAL_Init                0x08001649   0x20  Code  Gb  stm32f3xx_hal.o [1]
HAL_InitTick            0x08001351   0x40  Code  Wk  stm32f3xx_hal.o [1]
HAL_MspInit             0x08000b5d   0x2c  Code  Gb  stm32f3xx_hal_msp.o [1]
HAL_NVIC_EnableIRQ      0x08000e47    0xa  Code  Gb  stm32f3xx_hal_cortex.o [1]
HAL_NVIC_SetPriority    0x08000e0d   0x3a  Code  Gb  stm32f3xx_hal_cortex.o [1]
HAL_NVIC_SetPriorityGrouping
                        0x08000df3   0x1a  Code  Gb  stm32f3xx_hal_cortex.o [1]
HAL_RCCEx_PeriphCLKConfig
                        0x08001391  0x1aa  Code  Gb  stm32f3xx_hal_rcc_ex.o [1]
HAL_RCC_ClockConfig     0x080011d1   0xde  Code  Gb  stm32f3xx_hal_rcc.o [1]
HAL_RCC_GetSysClockFreq
                        0x080012cd   0x3a  Code  Gb  stm32f3xx_hal_rcc.o [1]
HAL_RCC_OscConfig       0x08000ed1  0x2da  Code  Gb  stm32f3xx_hal_rcc.o [1]
HAL_SYSTICK_Config      0x08000e5b   0x28  Code  Gb  stm32f3xx_hal_cortex.o [1]
HardFault_Handler       0x080017c7    0x2  Code  Gb  stm32f3xx_it.o [1]
MemManage_Handler       0x080017c9    0x2  Code  Gb  stm32f3xx_it.o [1]
NMI_Handler             0x080017c5    0x2  Code  Gb  stm32f3xx_it.o [1]
NVIC_SetPriority        0x08000dd5   0x1e  Code  Lc  stm32f3xx_hal_cortex.o [1]
PendSV_Handler          0x080017d3    0x2  Code  Gb  stm32f3xx_it.o [1]
Region$$Table$$Base     0x080017a0          --   Gb  - Linker created -
Region$$Table$$Limit    0x080017c4          --   Gb  - Linker created -
SVC_Handler             0x080017cf    0x2  Code  Gb  stm32f3xx_it.o [1]
SysTick_Handler         0x080017d5    0x4  Code  Gb  stm32f3xx_it.o [1]
SystemClock_Config      0x080015e5   0x64  Code  Gb  main.o [1]
SystemCoreClock         0x2000000c    0x4  Data  Gb  system_stm32f3xx.o [1]
SystemInit              0x0800166d   0x52  Code  Gb  system_stm32f3xx.o [1]
UsageFault_Handler      0x080017cd    0x2  Code  Gb  stm32f3xx_it.o [1]
__aeabi_memclr4         0x08000c11         Code  Gb  ABImemclr4.o [5]
__cmain                 0x080017f5         Code  Gb  cmain.o [5]
__exit                  0x08001829   0x14  Code  Gb  exit.o [6]
__iar_Memset4_word      0x08000e9d         Code  Gb  ABImemset48.o [5]
__iar_Memset8_word      0x08000e9d         Code  Gb  ABImemset48.o [5]
__iar_copy_init3        0x08001729   0x2c  Code  Gb  copy_init3.o [5]
__iar_data_init3        0x08001755   0x28  Code  Gb  data_init.o [5]
__iar_init_vfp          0x0800177d         Code  Gb  fpinit_M.o [4]
__iar_program_start     0x0800185d         Code  Gb  cstartup_M.o [5]
__iar_systems$$module {Abs}
                        0x00000001         Data  Gb  command line/config [2]
__iar_zero_init3        0x080016e9   0x40  Code  Gb  zero_init3.o [5]
__low_level_init        0x08001813    0x4  Code  Gb  low_level_init.o [3]
__vector_table          0x08000000         Data  Gb  startup_stm32f303xc.o [1]
_call_main              0x08001801         Code  Gb  cmain.o [5]
_exit                   0x0800181d         Code  Gb  cexit.o [5]
_main                   0x0800180f         Code  Gb  cmain.o [5]
aPLLMULFactorTable      0x08001330   0x10  Data  Gb  stm32f3xx_hal_rcc.o [1]
aPredivFactorTable      0x08001340   0x10  Data  Gb  stm32f3xx_hal_rcc.o [1]
exit                    0x08001817    0x4  Code  Gb  exit.o [3]
hadc1                   0x20000010   0x54  Data  Gb  main.o [1]
main                    0x08001549   0x92  Code  Gb  main.o [1]
uwTick                  0x20000004    0x4  Data  Gb  stm32f3xx_hal.o [1]
uwTickFreq              0x20000000    0x1  Data  Gb  stm32f3xx_hal.o [1]
uwTickPrio              0x20000008    0x4  Data  Gb  stm32f3xx_hal.o [1]


[1] = C:\CalleP\Exjobb\ADC_Try2\EWARM\ADC_Try2\Obj
[2] = command line
[3] = dl7M_tlf.a
[4] = m7M_tls.a
[5] = rt7M_tl.a
[6] = shb_l.a

  6 454 bytes of readonly  code memory
     54 bytes of readonly  data memory
  1 124 bytes of readwrite data memory

Errors: none
Warnings: none
